Using tool: wrk
Tardigrade benchmark — target: http://127.0.0.1:19169  tool: wrk
Duration: 10s  Connections: 30  Threads: 4
Paths: static=/health proxy=/proxy/health keepalive=/health proxy64k=/proxy/payload-64k.bin proxy256k=/proxy/payload-256k.bin proxy1m=/proxy/payload-1m.bin proxy16m=/proxy/payload-16m.bin h2=/health h3=/health
Process sampling: CPU/RSS every 500ms

==> static-http1: static file serving over HTTP/1.1 (/health)
  static-http1 — 127525.83 req/s  p50=0.190ms  p95=0.358ms  p99=0.874ms  p999=10.087ms  errors=12866  throughput=70.78MB/s  cpu=0.00%  rss_peak=1.84MiB
==> proxy-http1: reverse proxy route over HTTP/1.1 (/proxy/health)
  proxy-http1 — 68196.47 req/s  p50=0.355ms  p95=18.461ms  p99=100.230ms  p999=162.435ms  errors=690499  throughput=45.20MB/s  cpu=0.00%  rss_peak=1.84MiB
==> keepalive: keep-alive connection reuse (/health)
  keepalive — 129667.84 req/s  p50=0.181ms  p95=0.364ms  p99=16.211ms  p999=115.932ms  errors=13083  throughput=71.97MB/s  cpu=0.00%  rss_peak=0.97MiB

Results saved to: benchmarks/results/2026-08-10/accept-batching-local-fallback-final/batch-64-run.json

{
  "static-http1": {
    "rps": 127525.83,
    "p50_ms": 0.190,
    "p95_ms": 0.358,
    "p99_ms": 0.874,
    "p999_ms": 10.087,
    "errors": 12866,
    "throughput_mbps": 70.78,
    "cpu_pct_avg": 0.00,
    "rss_mb_peak": 1.84,
    "open_fds_peak": 6
  },
  "proxy-http1": {
    "rps": 68196.47,
    "p50_ms": 0.355,
    "p95_ms": 18.461,
    "p99_ms": 100.230,
    "p999_ms": 162.435,
    "errors": 690499,
    "throughput_mbps": 45.20,
    "cpu_pct_avg": 0.00,
    "rss_mb_peak": 1.84,
    "open_fds_peak": 6
  },
  "keepalive": {
    "rps": 129667.84,
    "p50_ms": 0.181,
    "p95_ms": 0.364,
    "p99_ms": 16.211,
    "p999_ms": 115.932,
    "errors": 13083,
    "throughput_mbps": 71.97,
    "cpu_pct_avg": 0.00,
    "rss_mb_peak": 0.97,
    "open_fds_peak": 6
  },
  "_meta": {
    "tag": "v0.5.0-186-ga30f6e06",
    "timestamp": "2026-08-10T22:02:05Z",
    "host": "127.0.0.1",
    "port": "19169",
    "tool": "wrk",
    "duration_s": 10,
    "connections": 30,
    "runs": 1,
    "host_header": "",
    "driver": "listener-accept-batch-64",
    "worker_count": null,
    "config_label": "listener/accept batch-64 (1 shards, batch 64, fairness 0)",
    "process_metrics": {
      "enabled": true,
      "pid_source": "pid",
      "pid_tree": false,
      "sample_interval_ms": 500
    },
    "zig_version": "0.16.0",
    "environment": {
      "os": "Darwin",
      "kernel": "25.3.0",
      "arch": "arm64",
      "cpu_model": "Apple M4",
      "cpu_threads": "10",
      "memory_mb": "16384"
    },
    "static_path": "/health",
    "proxy_path": "/proxy/health",
    "keepalive_path": "/health",
    "h2_path": "/health",
    "h3_path": "/health"
  }
}
