Using tool: wrk
Tardigrade benchmark — target: http://127.0.0.1:19169  tool: wrk
Duration: 10s  Connections: 30  Threads: 4
Paths: static=/health proxy=/proxy/health keepalive=/health proxy64k=/proxy/payload-64k.bin proxy256k=/proxy/payload-256k.bin proxy1m=/proxy/payload-1m.bin proxy16m=/proxy/payload-16m.bin h2=/health h3=/health
Process sampling: CPU/RSS every 500ms

==> static-http1: static file serving over HTTP/1.1 (/health)
  static-http1 — 129848.20 req/s  p50=0.186ms  p95=0.349ms  p99=0.504ms  p999=19.847ms  errors=13102  throughput=72.07MB/s  cpu=0.00%  rss_peak=1.84MiB
==> proxy-http1: reverse proxy route over HTTP/1.1 (/proxy/health)
  proxy-http1 — 68875.08 req/s  p50=0.356ms  p95=29.376ms  p99=125.880ms  p999=179.997ms  errors=700461  throughput=45.65MB/s  cpu=0.00%  rss_peak=1.84MiB
==> keepalive: keep-alive connection reuse (/health)
  keepalive — 130299.64 req/s  p50=0.178ms  p95=0.352ms  p99=0.757ms  p999=12.214ms  errors=13149  throughput=72.32MB/s  cpu=0.00%  rss_peak=0.94MiB

Results saved to: benchmarks/results/2026-08-10/accept-batching-local-fallback-final/batch-64-fair-8-run.json

{
  "static-http1": {
    "rps": 129848.20,
    "p50_ms": 0.186,
    "p95_ms": 0.349,
    "p99_ms": 0.504,
    "p999_ms": 19.847,
    "errors": 13102,
    "throughput_mbps": 72.07,
    "cpu_pct_avg": 0.00,
    "rss_mb_peak": 1.84,
    "open_fds_peak": 6
  },
  "proxy-http1": {
    "rps": 68875.08,
    "p50_ms": 0.356,
    "p95_ms": 29.376,
    "p99_ms": 125.880,
    "p999_ms": 179.997,
    "errors": 700461,
    "throughput_mbps": 45.65,
    "cpu_pct_avg": 0.00,
    "rss_mb_peak": 1.84,
    "open_fds_peak": 6
  },
  "keepalive": {
    "rps": 130299.64,
    "p50_ms": 0.178,
    "p95_ms": 0.352,
    "p99_ms": 0.757,
    "p999_ms": 12.214,
    "errors": 13149,
    "throughput_mbps": 72.32,
    "cpu_pct_avg": 0.00,
    "rss_mb_peak": 0.94,
    "open_fds_peak": 6
  },
  "_meta": {
    "tag": "v0.5.0-186-ga30f6e06",
    "timestamp": "2026-08-10T22:03:07Z",
    "host": "127.0.0.1",
    "port": "19169",
    "tool": "wrk",
    "duration_s": 10,
    "connections": 30,
    "runs": 1,
    "host_header": "",
    "driver": "listener-accept-batch-64-fair-8",
    "worker_count": null,
    "config_label": "listener/accept batch-64-fair-8 (1 shards, batch 64, fairness 8)",
    "process_metrics": {
      "enabled": true,
      "pid_source": "pid",
      "pid_tree": false,
      "sample_interval_ms": 500
    },
    "zig_version": "0.16.0",
    "environment": {
      "os": "Darwin",
      "kernel": "25.3.0",
      "arch": "arm64",
      "cpu_model": "Apple M4",
      "cpu_threads": "10",
      "memory_mb": "16384"
    },
    "static_path": "/health",
    "proxy_path": "/proxy/health",
    "keepalive_path": "/health",
    "h2_path": "/health",
    "h3_path": "/health"
  }
}
