Using tool: wrk
Tardigrade benchmark — target: http://127.0.0.1:19169  tool: wrk
Duration: 10s  Connections: 30  Threads: 4
Paths: static=/health proxy=/proxy/health keepalive=/health proxy64k=/proxy/payload-64k.bin proxy256k=/proxy/payload-256k.bin proxy1m=/proxy/payload-1m.bin proxy16m=/proxy/payload-16m.bin h2=/health h3=/health
Process sampling: CPU/RSS every 500ms

==> static-http1: static file serving over HTTP/1.1 (/health)
  static-http1 — 132472.31 req/s  p50=0.180ms  p95=0.339ms  p99=0.593ms  p999=19.820ms  errors=13366  throughput=73.53MB/s  cpu=0.00%  rss_peak=1.84MiB
==> proxy-http1: reverse proxy route over HTTP/1.1 (/proxy/health)
  proxy-http1 — 68462.36 req/s  p50=0.356ms  p95=27.276ms  p99=130.905ms  p999=166.648ms  errors=691842  throughput=45.38MB/s  cpu=0.00%  rss_peak=1.84MiB
==> keepalive: keep-alive connection reuse (/health)
  keepalive — 111689.52 req/s  p50=0.207ms  p95=0.506ms  p99=2.175ms  p999=7.733ms  errors=11160  throughput=61.99MB/s  cpu=0.00%  rss_peak=0.97MiB

Results saved to: benchmarks/results/2026-08-10/accept-batching-local-fallback-final/sharded-batch-64-run.json

{
  "static-http1": {
    "rps": 132472.31,
    "p50_ms": 0.180,
    "p95_ms": 0.339,
    "p99_ms": 0.593,
    "p999_ms": 19.820,
    "errors": 13366,
    "throughput_mbps": 73.53,
    "cpu_pct_avg": 0.00,
    "rss_mb_peak": 1.84,
    "open_fds_peak": 6
  },
  "proxy-http1": {
    "rps": 68462.36,
    "p50_ms": 0.356,
    "p95_ms": 27.276,
    "p99_ms": 130.905,
    "p999_ms": 166.648,
    "errors": 691842,
    "throughput_mbps": 45.38,
    "cpu_pct_avg": 0.00,
    "rss_mb_peak": 1.84,
    "open_fds_peak": 6
  },
  "keepalive": {
    "rps": 111689.52,
    "p50_ms": 0.207,
    "p95_ms": 0.506,
    "p99_ms": 2.175,
    "p999_ms": 7.733,
    "errors": 11160,
    "throughput_mbps": 61.99,
    "cpu_pct_avg": 0.00,
    "rss_mb_peak": 0.97,
    "open_fds_peak": 6
  },
  "_meta": {
    "tag": "v0.5.0-186-ga30f6e06",
    "timestamp": "2026-08-10T22:04:08Z",
    "host": "127.0.0.1",
    "port": "19169",
    "tool": "wrk",
    "duration_s": 10,
    "connections": 30,
    "runs": 1,
    "host_header": "",
    "driver": "listener-accept-sharded-batch-64",
    "worker_count": null,
    "config_label": "listener/accept sharded-batch-64 (4 shards, batch 64, fairness 0)",
    "process_metrics": {
      "enabled": true,
      "pid_source": "pid",
      "pid_tree": false,
      "sample_interval_ms": 500
    },
    "zig_version": "0.16.0",
    "environment": {
      "os": "Darwin",
      "kernel": "25.3.0",
      "arch": "arm64",
      "cpu_model": "Apple M4",
      "cpu_threads": "10",
      "memory_mb": "16384"
    },
    "static_path": "/health",
    "proxy_path": "/proxy/health",
    "keepalive_path": "/health",
    "h2_path": "/health",
    "h3_path": "/health"
  }
}
