h3-interop: server listening on udp port 24437
h3-interop: initial from client, dcid_len=18 scid_len=17
h3-interop: rx space=initial pn=2134524734 size=1200
h3-interop: recovery latest_rtt_us=null smoothed_rtt_us=null rttvar_us=null pto=0 cwnd=12000 bif=1200
h3-interop: tx space=initial pn=0 size=1200 ack_eliciting=true
h3-interop: rx space=initial pn=2134524735 size=1200
h3-interop: ack space=initial pn=0
h3-interop: recovery latest_rtt_us=713 smoothed_rtt_us=713 rttvar_us=356 pto=0 cwnd=13200 bif=0
h3-interop: recovery latest_rtt_us=713 smoothed_rtt_us=713 rttvar_us=356 pto=0 cwnd=13200 bif=1200
h3-interop: tx space=initial pn=1 size=1200 ack_eliciting=true
h3-interop: recovery latest_rtt_us=713 smoothed_rtt_us=713 rttvar_us=356 pto=0 cwnd=13200 bif=1909
h3-interop: tx space=handshake pn=0 size=709 ack_eliciting=true
h3-interop: rx space=initial pn=2134524736 size=1200
h3-interop: ack space=initial pn=1
h3-interop: recovery latest_rtt_us=702 smoothed_rtt_us=711 rttvar_us=269 pto=0 cwnd=14400 bif=709
h3-interop: rx space=handshake pn=2134524734 size=71
h3-interop: keys discarded space=initial
h3-interop: ack space=handshake pn=0
h3-interop: recovery latest_rtt_us=971 smoothed_rtt_us=743 rttvar_us=266 pto=0 cwnd=15109 bif=0
h3-interop: rx space=handshake pn=2134524735 size=105
h3-interop: handshake complete
h3-interop: state -> established
h3-interop: handshake confirmed
h3-interop: rx space=application pn=2134524734 size=233
h3-interop: stream_state id=2 side=receiving old=null new=open trigger=null
h3-interop: stream_state id=10 side=receiving old=null new=open trigger=null
h3-interop: stream_state id=6 side=receiving old=null new=open trigger=null
h3-interop: stream_state id=0 side=sending old=null new=open trigger=null
h3-interop: stream_state id=0 side=receiving old=null new=open trigger=null
h3-interop: established, alpn_h3=true
tls-interop: outcome=ok transport=quic role=server suite=aes128-gcm-sha256 group=x25519 alpn=h3 hrr=true
h3-interop: stream_state id=3 side=sending old=null new=open trigger=null
h3-interop: stream_state id=0 side=receiving old=open new=closed trigger=local
h3-interop: request GET /from-ngtcp2-hrr authority=tardigrade.test body_len=0
h3-interop: served 1/1
h3-interop: tx space=handshake pn=1 size=74 ack_eliciting=false
h3-interop: stream_state id=0 side=sending old=open new=closed trigger=local
h3-interop: recovery latest_rtt_us=971 smoothed_rtt_us=743 rttvar_us=266 pto=0 cwnd=15109 bif=150
h3-interop: tx space=application pn=0 size=150 ack_eliciting=true
h3-interop: keys discarded space=handshake
h3-interop: recovery latest_rtt_us=971 smoothed_rtt_us=743 rttvar_us=266 pto=0 cwnd=15109 bif=188
h3-interop: tx space=application pn=1 size=38 ack_eliciting=true
h3-interop: rx space=application pn=2134524735 size=1406
h3-interop: rx space=application pn=2134524736 size=40
h3-interop: close received code=256 app=true
h3-interop: state -> draining
h3-interop: connection ended state=draining served=1 handshake_error=null
h3-interop: tls hello_retry_request=true
h3-interop: server ok, served=1
